'Defining breadcrumbs': 'https://github.com/diglactic/laravel-breadcrumbs#defining-breadcrumbs'
'Laravel Breadcrumbs documentation': 'https://github.com/diglactic/laravel-breadcrumbs'
