'Defining breadcrumbs': 'https://github.com/diglactic/laravel-breadcrumbs#defining-breadcrumbs'
'Silencing breadcrumb exceptions': 'https://github.com/diglactic/laravel-breadcrumbs#route-binding-exceptions'
'Laravel Breadcrumbs documentation': 'https://github.com/diglactic/laravel-breadcrumbs'
