'Choosing a breadcrumbs template (view)': 'https://github.com/diglactic/laravel-breadcrumbs#3-style'
'Laravel Breadcrumbs documentation': 'https://github.com/diglactic/laravel-breadcrumbs'
